// Jest Snapshot v1, https://goo.gl/fbAQLP

exports[`renders a snapshot 1`] = `
<div
  className="App"
>
  <div
    className="card"
    style={
      Object {
        "width": "18rem",
      }
    }
  >
    <img
      className="card-img-top"
      src=""
    />
    <div
      className="card-body"
    >
      <div
        className="card-title h5"
      />
      <p
        className="card-text"
      />
      <p
        className="card-text"
      >
        <i>
          data pulled from 
        </i>
      </p>
      <a
        className="btn btn-primary"
        disabled={false}
        href=""
        onClick={[Function]}
        onKeyDown={[Function]}
        role="button"
        tabIndex={0}
      >
        visit profile
      </a>
    </div>
  </div>
</div>
`;
